// Jest Snapshot v1, https://goo.gl/fbAQLP

exports[`screen: TransactionDetails/MsgSend matches snapshot 1`] = `
.emotion-0 {
  margin: 0;
  font-size: 1rem;
  white-space: pre-wrap;
  letter-spacing: 0.5px;
  font-family: "Roboto","Helvetica","Arial",sans-serif;
  font-weight: 400;
  line-height: 1.5;
}

<p
  className="MuiTypography-root MuiTypography-body1 emotion-0"
>
  <span
    data-testid="Trans"
    i18nKey="message_contents:txSendContent"
  >
    <div
      address="fromAddress"
      id="Name"
      name="fromAddress"
    />
    <b />
    <div
      address="toAddress"
      id="Name"
      name="toAddress"
    />
    {"amount":"200 DARIC"}
  </span>
</p>
`;
