// Jest Snapshot v1, https://goo.gl/fbAQLP

exports[`screen: TransactionDetails/MsgMultiSend matches snapshot 1`] = `
.emotion-0 {
  margin: 0;
  font-size: 1rem;
  white-space: pre-wrap;
  letter-spacing: 0.5px;
  font-family: "Roboto","Helvetica","Arial",sans-serif;
  font-weight: 400;
  line-height: 1.5;
}

.emotion-1 {
  margin-top: 0;
}

<div>
  <p
    className="MuiTypography-root MuiTypography-body1 emotion-0"
  >
    <span
      data-testid="Trans"
      i18nKey="message_contents:txMultisendContentOne"
    >
      <div
        address="address"
        id="Name"
        name="address"
      />
      <b />
      {"amount":"20 DARIC"}
    </span>
  </p>
  <div
    className="emotion-1"
  >
    <p
      className="MuiTypography-root MuiTypography-body1 emotion-0"
    >
      <span
        data-testid="Trans"
        i18nKey="message_contents:txMultisendContentTwo"
      >
        <div
          address="output1"
          id="Name"
          name="output1"
        />
        <b />
        {"amount":"19 DARIC"}
      </span>
    </p>
    <p
      className="MuiTypography-root MuiTypography-body1 emotion-0"
    >
      <span
        data-testid="Trans"
        i18nKey="message_contents:txMultisendContentTwo"
      >
        <div
          address="output2"
          id="Name"
          name="output2"
        />
        <b />
        {"amount":"1 DARIC"}
      </span>
    </p>
  </div>
</div>
`;
