// Jest Snapshot v1, https://goo.gl/fbAQLP

exports[`screen: TransactionDetails/IBCChannelOpenAck matches snapshot 1`] = `
.emotion-0 {
  margin: 0;
  font-size: 1rem;
  white-space: pre-wrap;
  letter-spacing: 0.5px;
  font-family: "Roboto","Helvetica","Arial",sans-serif;
  font-weight: 400;
  line-height: 1.5;
}

<p
  className="MuiTypography-root MuiTypography-body1 emotion-0"
>
  <span
    data-testid="Trans"
    i18nKey="message_contents:txChannelOpenAckContent"
  >
    <div
      address="desmos1jrld5g998gqm4yx26l6cvhxz7y5adgxquy94nz"
      id="Name"
      name="desmos1jrld5g998gqm4yx26l6cvhxz7y5adgxquy94nz"
    />
    <b />
    {"channelId":"1","portId":"21","counterpartyChannelId":"12","counterpartyVersion":"1.0"}
  </span>
</p>
`;
